QLF_BSD.lean centralMultiplicity
QLF_BSD.lean modularity_mirror_invariant
QLF_CausalContinuum.lean benincasa_dowker_limit
QLF_CensusCurvature.lean jost_liu_triangle_free
QLF_CensusCurvature.lean ollivierRicci
QLF_Hodge.lean CohClass.isAlgebraic
QLF_Hodge.lean substrate_realization_is_algebraic
QLF_LorentzCover.lean lorentz_generated_by_boosts_rotations
QLF_MassGap.lean yang_mills_continuum_gap
QLF_MassGap.lean YangMillsMassGap
QLF_NavierStokesBKM.lean beale_kato_majda
QLF_NavierStokesBKM.lean continuum_vorticity_planck_capped
QLF_NavierStokes.lean navier_stokes_continuum_limit
QLF_NavierStokes.lean NavierStokesGlobalSmoothness
QLF_OrderMetric.lean order_metric_continuum_limit
QLF_PvsNP.lean generate_not_reducible_to_verify
QLF_PvsNP.lean PTime
QLF_PvsNP.lean search
QLF_PvsNP.lean verify_is_ptime
QLF_Riemann.lean NonTrivialZero
QLF_Riemann.lean resonant_computation_for
QLF_Riemann.lean spectral_hilbert_polya
QLF_RiemannMRE.lean MellinStructuralSingularity
QLF_RiemannMRE.lean MRE_bridge
QLF_RiemannMRE.lean zero_is_mellin_singularity
