QLF_BSD.lean bsd_multiplicity
QLF_CausalContinuum.lean benincasa_dowker_limit
QLF_CensusCurvature.lean jost_liu_triangle_free
QLF_CensusCurvature.lean ollivierRicci
QLF_Hodge.lean CohClass.isAlgebraic
QLF_Hodge.lean substrate_realization_is_algebraic
QLF_LorentzCover.lean lorentz_generated_by_boosts_rotations
QLF_MassGap.lean yang_mills_gap
QLF_NavierStokesBKM.lean beale_kato_majda
QLF_NavierStokesBKM.lean continuum_vorticity_planck_capped
QLF_OrderMetric.lean order_metric_continuum_limit
QLF_PvsNP.lean qlf_cost_model
QLF_Riemann.lean resonant_computation_for
QLF_Riemann.lean spectral_hilbert_polya
QLF_RiemannMRE.lean mre_factorization
